E4:VMIN/VTIME 组合(cfmakeraw 基底,只动 VMIN/VTIME 两格)

[A: MIN=1 TIME=0 —— 来一个给一个]
  喂 t=   0ms 78 (x)
  喂 t= 300ms 79 (y)
  喂 t= 600ms 7a (z)
  读 t=[    0.2..    0.3]ms n=1  78 (x)
  读 t=[    0.3..  300.5]ms n=1  79 (y)
  读 t=[  300.5..  600.7]ms n=1  7a (z)

[B: MIN=4 TIME=0 —— 凑够 4 才交货,散喂也一次拿 4(两轮各 4 字节)]
  喂 t=   0ms 61 (a)
  喂 t= 250ms 62 (b)
  喂 t= 500ms 63 (c)
  喂 t= 750ms 64 (d)
  喂 t=1000ms 65 (e)
  喂 t=1250ms 66 (f)
  喂 t=1500ms 67 (g)
  喂 t=1750ms 68 (h)
  读 t=[    0.2..  750.7]ms n=4  61 62 63 64 (abcd)
  读 t=[  750.7.. 1751.2]ms n=4  65 66 67 68 (efgh)

[C: MIN=0 TIME=5 —— 没数据 0.5s 返回 0,有数据立刻拿走]
  喂 t=   0ms ()
  喂 t= 600ms 61 62 (ab)
  喂 t=1200ms ()
  读 t=[    0.2..  530.8]ms n=0  (计时到点,EOF 长相)
  读 t=[  530.8..  600.4]ms n=2  61 62 (ab)
  读 t=[  600.4.. 1102.8]ms n=0  (计时到点,EOF 长相)

[D: MIN=4 TIME=5 —— 每 200ms 喂 1 字节,计时器重不重置,看返回]
  喂 t=   0ms 61 (a)
  喂 t= 200ms 62 (b)
  喂 t= 400ms 63 (c)
  喂 t= 600ms 64 (d)
  读 t=[    0.2..  600.7]ms n=4  61 62 63 64 (abcd)

[E: MIN=4 TIME=5 —— 只喂 1 字节后断供,计时到点交出 1 字节]
  喂 t=   0ms 71 (q)
  读 t=[    0.2..  521.2]ms n=1  71 (q)

[F: MIN=4 TIME=5 —— a@0ms、b@450ms 后断供:计时器从第 2 字节重起则 ~950ms 交 2 字节;只从第 1 字节起算则 ~500ms 交 1 字节]
  喂 t=   0ms 61 (a)
  喂 t= 450ms 62 (b)
  读 t=[    0.2..  955.7]ms n=2  61 62 (ab)
