$ ./e4_maps_scan.exe; echo "exit=$?"
用户态上限 lpMaximumApplicationAddress=0x7ffffffeffff
扫描步数(VirtualQuery 次数)=193,时间 <1 秒 —— FREE 段一跳就是一个大空洞

== State/Type 组合统计(非 FREE 区段)==
  State/Type           个数           字节
  COMMIT/IMAGE             99         16252928 (0.02 GiB)
  COMMIT/MAPPED            16          1777664 (0.00 GiB)
  COMMIT/PRIVATE           17           385024 (0.00 GiB)
  RESERVE/IMAGE            10           167936 (0.00 GiB)
  RESERVE/MAPPED            2          1032192 (0.00 GiB)
  RESERVE/PRIVATE          12       4340690944 (4.04 GiB)
  FREE(空洞)             37  140733127983104 (128.00 TiB,用户态总空间 128 TiB)

== 最大的 5 个区段 ==
  7ff46ad10000..7ff56ad30000  4194432 KiB RESERVE/PRIVATE ---
  7ff56ad30000..7ff56cd30000    32768 KiB RESERVE/PRIVATE ---
  7ffc6403a000..7ffc64238000     2040 KiB COMMIT/IMAGE r--
  002187400000..0021875fb000     2028 KiB RESERVE/PRIVATE ---
  002187600000..0021877fb000     2028 KiB RESERVE/PRIVATE ---

== 地址空间头部 24 个非 FREE 区段(maps 形态)==
  00007ffe0000-00007ffe1000 r-- COMMIT   PRIVATE  
  00007ffeb000-00007ffec000 r-- COMMIT   PRIVATE  
  002187000000-0021871e1000 --- RESERVE  PRIVATE  
  0021871e1000-0021871ea000 rw- COMMIT   PRIVATE  
  0021871ea000-002187200000 --- RESERVE  PRIVATE  
  002187200000-0021873f9000 --- RESERVE  PRIVATE  
  0021873f9000-0021873fc000 rw- guard COMMIT   PRIVATE  
  0021873fc000-002187400000 rw- COMMIT   PRIVATE  
  002187400000-0021875fb000 --- RESERVE  PRIVATE  
  0021875fb000-0021875fe000 rw- guard COMMIT   PRIVATE  
  0021875fe000-002187600000 rw- COMMIT   PRIVATE  
  002187600000-0021877fb000 --- RESERVE  PRIVATE  
  0021877fb000-0021877fe000 rw- guard COMMIT   PRIVATE  
  0021877fe000-002187800000 rw- COMMIT   PRIVATE  
  002187800000-0021879fb000 --- RESERVE  PRIVATE  
  0021879fb000-0021879fe000 rw- guard COMMIT   PRIVATE  
  0021879fe000-002187a00000 rw- COMMIT   PRIVATE  
  020347850000-020347851000 rw- COMMIT   MAPPED   
  020347851000-020347852000 --- RESERVE  MAPPED   
  020347860000-020347870000 rw- COMMIT   MAPPED   
  020347870000-02034789a000 r-- COMMIT   MAPPED   
  0203478a0000-0203478a4000 r-- COMMIT   MAPPED   
  0203478b0000-0203478b1000 r-- COMMIT   MAPPED   
  0203478c0000-0203478c2000 rw- COMMIT   PRIVATE  

== 对账 ==
  扫描合计 COMMIT/PRIVATE = 376 KiB
  GetProcessMemoryInfo CommitCharge(PagefileUsage) = 1004 KiB
  (CommitCharge ≥ COMMIT/PRIVATE:差额是 DLL/映射段的共享提交与内核侧记账 —— VQ 的 PRIVATE 只数私有提交;对照 Linux /proc/self/maps 的 Private vs VmSize)
exit=0
