child_process:构造=spawn,析构=先礼后兵再收尸,move-only

=== 演示 1:作用域结束自动收尸,不留僵尸 ===
spawn /bin/sleep 30 → pid=26526
  作用域内:State:	S (sleeping)
  [~child_process] pid=26526 还活着 → SIGTERM
  [~child_process] pid=26526 SIGTERM 生效,收尸完成
  作用域已出,验证 /proc/26526:进程没了,僵尸零残留

=== 演示 2:提前 kill 的清理路径 ===
spawn /bin/sleep 30 → pid=26527,200ms 后主动 SIGKILL
  wait() 解码:被信号 9 杀死
  (pid 已收,析构将走「没有在管的子进程」分支)

=== 演示 3:move-only,进程句柄进容器 ===
  static_assert 三条全过:拷贝删除,移动可用
  第 1 个孩子 pid=26528,被移动后原对象 pid()=-1(句柄已交接)
  第 2 个孩子 pid=26529,被移动后原对象 pid()=-1(句柄已交接)
  第 3 个孩子 pid=26530,被移动后原对象 pid()=-1(句柄已交接)
  离开作用域,vector 析构逐个清理:
  [~child_process] pid=26528 还活着 → SIGTERM
  [~child_process] pid=26528 SIGTERM 生效,收尸完成
  [~child_process] pid=26529 还活着 → SIGTERM
  [~child_process] pid=26529 SIGTERM 生效,收尸完成
  [~child_process] pid=26530 还活着 → SIGTERM
  [~child_process] pid=26530 SIGTERM 生效,收尸完成
  验证:3/3 个孩子全部从 /proc 消失,零僵尸

=== 演示 4:孩子自己干完活,wait 拿退出码 ===
  [demo4] 我是子进程的输出,直接进父进程的 stdout
  wait() 解码:退出码 0

=== 演示 5:detach——放它走,以及它必须知道的代价 ===
spawn detached /bin/sleep 2 → pid=26532(已在新进程组)
  作用域内:State:	S (sleeping)
  [~child_process] pid=26532 已 detach,析构不管它
  作用域出了,它还活着吗?还在跑
  等 2.5s 让它自然退出。我们承诺过不 wait,它死在我们前面会怎样:
  它退出后的状态:State:	Z (zombie)
  僵尸出现了:detach 只是解除承诺,内核不会替我们 wait;要彻底免责,得全局
  signal(SIGCHLD, SIG_IGN)(见 e3b 的附送场景)或保证它比我们活得久。

收工:演示 1/3 的清理路径全部走完,僵尸零残留(演示 5 的代价场景除外,那是刻意的)
