==== ① 只读观察 ====
  /proc/self/oom_score     = 666 (0-1000,越大越先被杀)
  /proc/self/oom_score_adj = 0 (基线 0)
  本机 MemTotal=55522928 kB MemAvailable=46558532 kB

==== ② oom_score_adj 可写性 ====
  write(oom_score_adj, "250") -> 3 成功
  读回 oom_score_adj = 250
  write(oom_score_adj, "0") -> 1 成功
  恢复后 oom_score_adj = 0
  write(oom_score_adj, "-1000") -> -1 失败
  负值写入被拒(errno=13 Permission denied)—— 无特权只能把自己调得更"该杀",不能调得更"免死"
  write(oom_score_adj, "0") -> 1 成功

==== ③ 安全余量内的占用/回收链 ====
  MemAvailable=46558532 kB -> 目标 touch=27935119 kB(60%),calloc+每页实写
  [touch 前基线]
    VmSize:	    7304 kB
    VmRSS:	    4208 kB
    MemAvailable=46558532 kB   oom_score=666
  [touch 后:RSS 涨到目标量级,MemAvailable 同步下降]
    VmSize:	27942424 kB
    VmRSS:	27939332 kB
    MemAvailable=19415616 kB   oom_score=924
  [free 后:RSS 落回,MemAvailable 回升 —— 占用/回收链条闭合]
    VmSize:	    7304 kB
    VmRSS:	    4212 kB
    MemAvailable=46788072 kB   oom_score=666

口径:malloc/calloc 只记账虚拟;touch 才占物理;free 后 RSS 立落(大块走 mmap)。
OOM 只发生在物理+swap 耗尽且无页可回收时,由内核按 oom_score 挑牺牲者。
本实验刻意只动 MemAvailable 的 60%,不做逼近上限的危险演示。
