== E3a: 常规转换 ==
Asia/Shanghai 现在正点:            2026-10-04 21:41:45 CST +0800  (对应 UTC 2026-10-04 13:41:45)
UTC 同刻:                            2026-10-04 13:41:45 UTC +0000  (对应 UTC 2026-10-04 13:41:45)

== E3b: 拨慢之夜(ambiguous)—— America/New_York 2026-11-01 ==
01:30 choose::earliest(第 1 次,EDT): 2026-11-01 01:30:00 EDT -0400  (对应 UTC 2026-11-01 05:30:00)
01:30 choose::latest(第 2 次,EST):   2026-11-01 01:30:00 EST -0500  (对应 UTC 2026-11-01 06:30:00)
同一句本地时间,两个 UTC 答案,差 1 小时
不带 choose 的构造直接抛: 2026-11-01 01:30:00 is ambiguous.  It could be
2026-11-01 01:30:00 EDT == 2026-11-01 05:30:00 UTC or
2026-11-01 01:30:00 EST == 2026-11-01 06:30:00 UTC

== E3c: 拨快之夜(nonexistent)—— America/New_York 2026-03-08 ==
02:30 映射出去(不存在的时刻): 2026-03-08 03:00:00 EDT -0400  (对应 UTC 2026-03-08 07:00:00)
回看: 该 UTC 时刻的本地呈现是 2026-03-08 03:00:00 EDT → 原 02:30 回不来
不带 choose 的构造直接抛: 2026-03-08 02:30:00 is in a gap between
2026-03-08 02:00:00 EST and
2026-03-08 03:00:00 EDT which are both equivalent to
2026-03-08 07:00:00 UTC

== E3d: 中国也实行过夏令时(1986-1991) ==
1988-04-17 02:30(拨快,不存在):    1988-04-17 03:00:00 CDT +0900  (对应 UTC 1988-04-16 18:00:00)
1988-04-17 03:30(存在,CDT +09):      1988-04-17 03:30:00 CDT +0900  (对应 UTC 1988-04-16 18:30:00)
1988-07-01 12:00(夏令时中段):     1988-07-01 12:00:00 CDT +0900  (对应 UTC 1988-07-01 03:00:00)
1988-01-15 12:00(冬令时):           1988-01-15 12:00:00 CST +0800  (对应 UTC 1988-01-15 04:00:00)
