[     0 ms] == 端口A:并发值=0(默认=处理器数,本机 16),4 工线程,8 包间隔 50ms ==
[   312 ms]   工3 拿到包#1 key=1 bytes=100 (tid=31360)
[   375 ms]   工3 拿到包#2 key=2 bytes=101 (tid=31360)
[   453 ms]   工3 拿到包#3 key=3 bytes=102 (tid=31360)
[   516 ms]   工3 拿到包#4 key=4 bytes=103 (tid=31360)
[   578 ms]   工3 拿到包#5 key=5 bytes=104 (tid=31360)
[   641 ms]   工3 拿到包#6 key=6 bytes=105 (tid=31360)
[   703 ms]   工3 拿到包#7 key=7 bytes=106 (tid=31360)
[   781 ms]   工3 拿到包#8 key=8 bytes=107 (tid=31360)
[   844 ms]   8 包全部有了主,首包被取走时刻 312 ms
[   906 ms]   工3 收到关停标记,收工 (tid=31360)
[   906 ms]   工2 收到关停标记,收工 (tid=6020)
[   906 ms]   工1 收到关停标记,收工 (tid=5588)
[   906 ms]   工4 收到关停标记,收工 (tid=15480)
[   906 ms] 端口A 收完 8 包,历时 906 ms
[   906 ms] == 端口B:并发值=1,同样 4 工线程、8 包间隔 50ms ==
[  1219 ms]   工4 拿到包#1 key=1 bytes=100 (tid=23772)
[  1281 ms]   工4 拿到包#2 key=2 bytes=101 (tid=23772)
[  1359 ms]   工4 拿到包#3 key=3 bytes=102 (tid=23772)
[  1422 ms]   工4 拿到包#4 key=4 bytes=103 (tid=23772)
[  1484 ms]   工4 拿到包#5 key=5 bytes=104 (tid=23772)
[  1547 ms]   工4 拿到包#6 key=6 bytes=105 (tid=23772)
[  1609 ms]   工4 拿到包#7 key=7 bytes=106 (tid=23772)
[  1672 ms]   工4 拿到包#8 key=8 bytes=107 (tid=23772)
[  1734 ms]   8 包全部有了主,首包被取走时刻 1219 ms
[  1797 ms]   工4 收到关停标记,收工 (tid=23772)
[  1797 ms]   工3 收到关停标记,收工 (tid=460)
[  1797 ms]   工2 收到关停标记,收工 (tid=12388)
[  1797 ms]   工1 收到关停标记,收工 (tid=26180)
[  1797 ms] 端口B 收完 8 包,历时 891 ms —— 与端口A对照,醒法差别见各行 tid 分布
[  1797 ms] == 端口C:并发值=1,4 工线程,8 包一口气全投(无间隔) ==
[  2109 ms]   工4 拿到包#1 key=1 bytes=100 (tid=32524)
[  2109 ms]   工4 拿到包#2 key=2 bytes=101 (tid=32524)
[  2109 ms]   工4 拿到包#3 key=3 bytes=102 (tid=32524)
[  2109 ms]   工4 拿到包#4 key=4 bytes=103 (tid=32524)
[  2109 ms]   工4 拿到包#5 key=5 bytes=104 (tid=32524)
[  2109 ms]   工4 拿到包#6 key=6 bytes=105 (tid=32524)
[  2109 ms]   工4 拿到包#7 key=7 bytes=106 (tid=32524)
[  2109 ms]   工4 拿到包#8 key=8 bytes=107 (tid=32524)
[  2125 ms]   8 包全部有了主,首包被取走时刻 2109 ms
[  2187 ms]   工4 收到关停标记,收工 (tid=32524)
[  2187 ms]   工3 收到关停标记,收工 (tid=31432)
[  2187 ms]   工2 收到关停标记,收工 (tid=25768)
[  2187 ms]   工1 收到关停标记,收工 (tid=24620)
[  2187 ms] 端口C 收完 8 包,历时 390 ms
[  2187 ms] iocp-e3 完
