execve("/usr/sbin/nohup", ["nohup", "true"], 0x7ffea2869678 /* 69 vars */) = 0
openat(AT_FDCWD, "/etc/ld.so.cache", O_RDONLY|O_CLOEXEC) = 3
close(3)                                = 0
openat(AT_FDCWD, "/usr/lib/libc.so.6", O_RDONLY|O_CLOEXEC) = 3
close(3)                                = 0
openat(AT_FDCWD, "/usr/lib/locale/locale-archive", O_RDONLY|O_CLOEXEC) = 3
close(3)                                = 0
openat(AT_FDCWD, "/usr/share/locale/locale.alias", O_RDONLY|O_CLOEXEC) = 3
close(3)                                = 0
openat(AT_FDCWD, "/usr/share/locale/en_US.UTF-8/LC_MESSAGES/coreutils.mo", O_RDONLY) = -1 ENOENT (No such file or directory)
openat(AT_FDCWD, "/usr/share/locale/en_US.utf8/LC_MESSAGES/coreutils.mo", O_RDONLY) = -1 ENOENT (No such file or directory)
openat(AT_FDCWD, "/usr/share/locale/en_US/LC_MESSAGES/coreutils.mo", O_RDONLY) = -1 ENOENT (No such file or directory)
openat(AT_FDCWD, "/usr/share/locale/en.UTF-8/LC_MESSAGES/coreutils.mo", O_RDONLY) = -1 ENOENT (No such file or directory)
openat(AT_FDCWD, "/usr/share/locale/en.utf8/LC_MESSAGES/coreutils.mo", O_RDONLY) = -1 ENOENT (No such file or directory)
openat(AT_FDCWD, "/usr/share/locale/en/LC_MESSAGES/coreutils.mo", O_RDONLY) = -1 ENOENT (No such file or directory)
openat(AT_FDCWD, "/usr/lib/gconv/gconv-modules.cache", O_RDONLY|O_CLOEXEC) = 3
close(3)                                = 0
openat(AT_FDCWD, "/dev/null", O_WRONLY) = 3
dup2(3, 0)                              = 0
close(3)                                = 0
openat(AT_FDCWD, "nohup.out", O_WRONLY|O_CREAT|O_APPEND, 0600) = 3
dup2(3, 1)                              = 1
close(3)                                = 0
dup2(1, 2)                              = 2
rt_sigaction(SIGHUP, {sa_handler=SIG_IGN, sa_mask=[HUP], sa_flags=SA_RESTORER|SA_RESTART, sa_restorer=0x7a182fc3e6f0}, {sa_handler=SIG_DFL, sa_mask=[], sa_flags=0}, 8) = 0
execve("/home/charliechen/.local/bin/true", ["true"], 0x7ffffa195740 /* 69 vars */) = -1 ENOENT (No such file or directory)
execve("/opt/arm-gnu-toolchain/bin/true", ["true"], 0x7ffffa195740 /* 69 vars */) = -1 ENOENT (No such file or directory)
execve("/home/charliechen/.vscode-server/bin/07f806f999227108933c2e30515b26eecc1fda74/bin/remote-cli/true", ["true"], 0x7ffffa195740 /* 69 vars */) = -1 ENOENT (No such file or directory)
execve("/home/charliechen/.local/share/pnpm/true", ["true"], 0x7ffffa195740 /* 69 vars */) = -1 ENOENT (No such file or directory)
execve("/home/charliechen/.local/bin/true", ["true"], 0x7ffffa195740 /* 69 vars */) = -1 ENOENT (No such file or directory)
execve("/opt/arm-gnu-toolchain/bin/true", ["true"], 0x7ffffa195740 /* 69 vars */) = -1 ENOENT (No such file or directory)
execve("/usr/local/sbin/true", ["true"], 0x7ffffa195740 /* 69 vars */) = -1 ENOENT (No such file or directory)
execve("/usr/local/bin/true", ["true"], 0x7ffffa195740 /* 69 vars */) = -1 ENOENT (No such file or directory)
execve("/usr/sbin/true", ["true"], 0x7ffffa195740 /* 69 vars */) = 0
openat(AT_FDCWD, "/etc/ld.so.cache", O_RDONLY|O_CLOEXEC) = 3
close(3)                                = 0
openat(AT_FDCWD, "/usr/lib/libc.so.6", O_RDONLY|O_CLOEXEC) = 3
close(3)                                = 0
+++ exited with 0 +++
