104305 mmap(NULL, 112523, PROT_READ, MAP_PRIVATE, 3, 0) = 0x78f397702000
104305 mmap(NULL, 8192, PROT_READ|PROT_WRITE, MAP_PRIVATE|MAP_ANONYMOUS, -1, 0) = 0x78f397700000
104305 mmap(NULL, 2958016, PROT_READ, MAP_PRIVATE|MAP_DENYWRITE, 3, 0) = 0x78f397400000
104305 mmap(0x78f39749a000, 1585152, PROT_READ|PROT_EXEC, MAP_PRIVATE|MAP_FIXED|MAP_DENYWRITE, 3, 0x9a000) = 0x78f39749a000
104305 mmap(0x78f39761d000, 655360, PROT_READ, MAP_PRIVATE|MAP_FIXED|MAP_DENYWRITE, 3, 0x21d000) = 0x78f39761d000
104305 mmap(0x78f3976bd000, 73728, PROT_READ|PROT_WRITE, MAP_PRIVATE|MAP_FIXED|MAP_DENYWRITE, 3, 0x2bc000) = 0x78f3976bd000
104305 mmap(0x78f3976cf000, 12992, PROT_READ|PROT_WRITE, MAP_PRIVATE|MAP_FIXED|MAP_ANONYMOUS, -1, 0) = 0x78f3976cf000
104305 mmap(NULL, 1270088, PROT_READ, MAP_PRIVATE|MAP_DENYWRITE, 3, 0) = 0x78f3972c9000
104305 mmap(0x78f3972d9000, 638976, PROT_READ|PROT_EXEC, MAP_PRIVATE|MAP_FIXED|MAP_DENYWRITE, 3, 0x10000) = 0x78f3972d9000
104305 mmap(0x78f397375000, 561152, PROT_READ, MAP_PRIVATE|MAP_FIXED|MAP_DENYWRITE, 3, 0xac000) = 0x78f397375000
104305 mmap(0x78f3973fe000, 8192, PROT_READ|PROT_WRITE, MAP_PRIVATE|MAP_FIXED|MAP_DENYWRITE, 3, 0x134000) = 0x78f3973fe000
104305 mmap(NULL, 180712, PROT_READ, MAP_PRIVATE|MAP_DENYWRITE, 3, 0) = 0x78f3976d3000
104305 mmap(0x78f3976d7000, 143360, PROT_READ|PROT_EXEC, MAP_PRIVATE|MAP_FIXED|MAP_DENYWRITE, 3, 0x4000) = 0x78f3976d7000
104305 mmap(0x78f3976fa000, 16384, PROT_READ, MAP_PRIVATE|MAP_FIXED|MAP_DENYWRITE, 3, 0x27000) = 0x78f3976fa000
104305 mmap(0x78f3976fe000, 8192, PROT_READ|PROT_WRITE, MAP_PRIVATE|MAP_FIXED|MAP_DENYWRITE, 3, 0x2b000) = 0x78f3976fe000
104305 mmap(NULL, 2239312, PROT_READ, MAP_PRIVATE|MAP_DENYWRITE, 3, 0) = 0x78f397000000
104305 mmap(0x78f397024000, 1552384, PROT_READ|PROT_EXEC, MAP_PRIVATE|MAP_FIXED|MAP_DENYWRITE, 3, 0x24000) = 0x78f397024000
104305 mmap(0x78f39719f000, 483328, PROT_READ, MAP_PRIVATE|MAP_FIXED|MAP_DENYWRITE, 3, 0x19f000) = 0x78f39719f000
104305 mmap(0x78f397215000, 24576, PROT_READ|PROT_WRITE, MAP_PRIVATE|MAP_FIXED|MAP_DENYWRITE, 3, 0x214000) = 0x78f397215000
104305 mmap(0x78f39721b000, 31568, PROT_READ|PROT_WRITE, MAP_PRIVATE|MAP_FIXED|MAP_ANONYMOUS, -1, 0) = 0x78f39721b000
104305 mmap(NULL, 8192, PROT_READ|PROT_WRITE, MAP_PRIVATE|MAP_ANONYMOUS, -1, 0) = 0x78f3972c7000
104305 mmap(NULL, 12288, PROT_READ|PROT_WRITE, MAP_PRIVATE|MAP_ANONYMOUS, -1, 0) = 0x78f3972c4000
104305 mmap(NULL, 16, PROT_READ, MAP_PRIVATE, 3, 0) = 0x78f3972c3000
104305 munmap(0x78f3972c3000, 4096)     = 0
104305 +++ exited with 0 +++
