== 路径一:open() ==
open → fd=3,pos=0

== 路径二:fork 继承(父进程先读 16 字节再 fork) ==
[父] 读 16 字节:「LINE-0-012345678」→ fdinfo pos=16
[子 pid=23790] 继承的 fd=3(编号没变), 读 16 字节:「9ab
LINE-1-01234」→ fdinfo pos=32
        ↑ 子进程接着父进程的 pos 读——同一个打开文件描述,偏移共享

== 路径三:SCM_RIGHTS 传递(socketpair + sendmsg 附属数据) ==
[发送方] 读 16 字节:「LINE-0-012345678」→ fdinfo pos=16
[发送方] SCM_RIGHTS 已发(fd=3 装进附属数据),等接收方确认共享 pos……
[接收方 pid=23799] recvmsg 拿到 fd=4(发送方那边它叫 fd=3,编号是各自的)
[接收方] 它的 pos=16——和发送方共享偏移!接着读:
[接收方] 读 16 字节:「9ab
LINE-1-01234」→ fdinfo pos=32
[发送方] close(fd=3)——原始 fd 关了
[接收方] 收到信号:发送方已 close 原始 fd。继续读这个 fd:
[接收方] 读 24 字节:「56789ab
LINE-2-012345678」→ fdinfo pos=56
[接收方] 照样读得到——fd 表项是复制出来的新引用,struct file 的引用计数没归零,谁都没「移交」

== 获得一个 fd 的三条路径 ==
| 路径         | fd 编号        | 打开文件描述      | pos     | 发送方 close 后 |
|--------------|----------------|-------------------|---------|-----------------|
| open()       | 本进程新分配    | 全新的一份         | 从 0 起  | ——              |
| fork 继承    | 编号原样复制    | 与父进程同一份     | 共享     | 子进程照用       |
| SCM_RIGHTS   | 接收方新分配    | 与发送方同一份     | 共享     | 接收方照用       |
后两条拿到的是同一个「打开文件描述」的引用,SCM_RIGHTS 是把这份引用跨进程快递;
Lmem03 一句带过的「fd 传到即实体传到」,证毕。
