管道容量 F_GETPIPE_SZ = 65536 字节;写者每块写 4096 字节,共 17 块,读者按兵不动 2 秒
[    0.2 ms] 写者:已累计     0 字节,即将写第 1 块
[    0.2 ms] 写者:第 1 块写完,累计  4096 字节
[    0.2 ms] 写者:已累计  4096 字节,即将写第 2 块
[    0.2 ms] 写者:第 2 块写完,累计  8192 字节
[    0.2 ms] 写者:已累计  8192 字节,即将写第 3 块
[    0.2 ms] 写者:第 3 块写完,累计 12288 字节
[    0.2 ms] 写者:已累计 12288 字节,即将写第 4 块
[    0.2 ms] 写者:第 4 块写完,累计 16384 字节
[    0.2 ms] 写者:已累计 16384 字节,即将写第 5 块
[    0.2 ms] 写者:第 5 块写完,累计 20480 字节
[    0.2 ms] 写者:已累计 20480 字节,即将写第 6 块
[    0.2 ms] 写者:第 6 块写完,累计 24576 字节
[    0.2 ms] 写者:已累计 24576 字节,即将写第 7 块
[    0.2 ms] 写者:第 7 块写完,累计 28672 字节
[    0.2 ms] 写者:已累计 28672 字节,即将写第 8 块
[    0.2 ms] 写者:第 8 块写完,累计 32768 字节
[    0.2 ms] 写者:已累计 32768 字节,即将写第 9 块
[    0.2 ms] 写者:第 9 块写完,累计 36864 字节
[    0.2 ms] 写者:已累计 36864 字节,即将写第 10 块
[    0.2 ms] 写者:第 10 块写完,累计 40960 字节
[    0.2 ms] 写者:已累计 40960 字节,即将写第 11 块
[    0.2 ms] 写者:第 11 块写完,累计 45056 字节
[    0.2 ms] 写者:已累计 45056 字节,即将写第 12 块
[    0.2 ms] 写者:第 12 块写完,累计 49152 字节
[    0.2 ms] 写者:已累计 49152 字节,即将写第 13 块
[    0.2 ms] 写者:第 13 块写完,累计 53248 字节
[    0.2 ms] 写者:已累计 53248 字节,即将写第 14 块
[    0.2 ms] 写者:第 14 块写完,累计 57344 字节
[    0.2 ms] 写者:已累计 57344 字节,即将写第 15 块
[    0.2 ms] 写者:第 15 块写完,累计 61440 字节
[    0.2 ms] 写者:已累计 61440 字节,即将写第 16 块
[    0.2 ms] 写者:第 16 块写完,累计 65536 字节(== 容量,恰好填满)
[    0.2 ms] 写者:已累计 65536 字节,即将写第 17 块
[ 2000.3 ms] 写者:第 17 块写完,累计 69632 字节
[ 2000.3 ms] 写者:17 块全部写完,关写端退出
管道容量 F_GETPIPE_SZ = 65536 字节;写者每块写 4096 字节,共 17 块,读者按兵不动 2 秒
[ 2000.2 ms] 读者:读走 4096 字节——腾出一个块的空间
[ 2000.3 ms] 读者:EOF,共读 69632 字节(= 17 × 4096,一块不差)
结论:读者不读时,写者写到 65536 字节(默认容量)后,下一次 write 阻塞约 2000 ms,直到读者腾出空间
