# 复跑口径: 与 e1_run.sh 相同,仅采样密度 1s(想抓 Writeback>0 的瞬间)
# 基线 Dirty=0 kB
[e1_dirty] path=/home/charliechen/l03_scratch/e1.bin total=256MiB chunk=1024KiB writes=256 write_loop=145.1ms (1765 MiB/s)
[e1_dirty] write 循环结束。不 fsync、不 close,直接 _exit(0) —— 数据生死交给页缓存
# 0  262148  0
# 1  262192  0
# 2  262192  0
# 3  262232  0
# 4  262232  0
# 5  262372  0
# 6  262388  0
# 7  262424  0
# 8  262440  0
# 9  262448  0
# 10  262488  0
# 11  262488  0
# 12  262504  0
# 13  262540  0
# 14  262556  0
# 15  262580  0
# 16  262596  0
# 17  262620  0
# 18  262636  0
# 19  262660  0
# 20  262688  0
# 21  262728  0
# 22  262744  0
# 23  262776  0
# 24  262820  0
# 25  262876  0
# 26  262904  0
# 27  262932  0
# 28  262972  0
# 29  262988  0
# 30  263012  0
# 31  96  0
# 32  120  0
# 33  136  0
# 34  152  0
# 35  264  0
# 36  212  0
# 37  228  0
# 38  252  0
# 39  280  0
# 40  280  0
# 41  280  0
# 42  320  0
# 43  344  0
# 44  360  0
# 45  384  0
