$ ./e3_prefetch_offer.exe probe; echo "exit=$?"
[probe] MinGW UCRT64 g++ 16.1.0 头文件声明 + kernel32 导出交叉验证
  头文件直接引用(&fn):Prefetch=00007fff83a6c250 Offer=00007fff83af00c0 Reclaim=00007fff83af0210 Discard=00007fff83a24660
  GetProcAddress     :Prefetch=00007fff83a6c250 Offer=00007fff83af00c0 Reclaim=00007fff83af0210 Discard=00007fff83a24660
  枚举 OFFER_PRIORITY:VeryLow=1 Low=2 BelowNormal=3 Normal=4
  注:MinGW 头的枚举常量名是 VmOfferPriority*,与 Windows SDK 文档的
      VMOfferPriority* 不同名(中间那个 m 的大小写)——按文档抄代码在 MinGW 编不过,这是实测坑
exit=0

$ ./e3_prefetch_offer.exe prefetch warm; echo "exit=$?"
[prefetch warm] 64MiB 文件映射,A=[0,32MiB) 预取,B=[32,64MiB) 对照
  文件普通创建(刚写完,内容大概率还驻留缓存)
  文件就绪,视图=0000021c2a010000
  PrefetchVirtualMemory(A 32MiB) ret=1 耗时=0.002s 缺页增量=22 进程读IO增量=0 MiB
  扫 B(未预取,首触)     校验和=3942645760 耗时=0.026s 付缺页=8208 读IO增量=0 MiB
  扫 A(已预取)         校验和=3674210304 耗时=0.026s 付缺页=8192 读IO增量=0 MiB
  [读法] 预取不接管工作集缺页:扫 A 仍按页付缺页(PageFaultCount 每页 +1)。
         预取做的是把页从后备存储拉进 standby list(转换态),之后首触
         变成便宜的软缺页——省的是磁盘往返,不是缺页计数。
         A/B 校验和不同是内容本就不同(每 MiB 不同填充字节)。
         暖缓存口径下 A/B 计时无差(都在缓存里);冷侧写口径的差值见输出。
exit=0

$ ./e3_prefetch_offer.exe prefetch cold; echo "exit=$?"
[prefetch cold] 64MiB 文件映射,A=[0,32MiB) 预取,B=[32,64MiB) 对照
  文件用 FILE_FLAG_NO_BUFFERING 直写创建(绕过系统缓存,逼近冷读)
  文件就绪,视图=0000020d5b7c0000
  PrefetchVirtualMemory(A 32MiB) ret=1 耗时=0.005s 缺页增量=22 进程读IO增量=0 MiB
  扫 B(未预取,首触)     校验和=3942645760 耗时=0.034s 付缺页=8208 读IO增量=0 MiB
  扫 A(已预取)         校验和=3674210304 耗时=0.024s 付缺页=8192 读IO增量=0 MiB
  [读法] 预取不接管工作集缺页:扫 A 仍按页付缺页(PageFaultCount 每页 +1)。
         预取做的是把页从后备存储拉进 standby list(转换态),之后首触
         变成便宜的软缺页——省的是磁盘往返,不是缺页计数。
         A/B 校验和不同是内容本就不同(每 MiB 不同填充字节)。
         暖缓存口径下 A/B 计时无差(都在缓存里);冷侧写口径的差值见输出。
exit=0

$ ./e3_prefetch_offer.exe offer; echo "exit=$?"
[offer] 私有内存 32MiB:offer(VeryLow) -> reclaim 轮次 + 主动 Discard
  填充完毕:工作集=36 MiB 缺页=9526
  轮次1:offer ret=0(0=ERROR_SUCCESS) offer后工作集=4 MiB reclaim ret=0(0=内容保留) 模式校验=完好
  轮次2:offer ret=0(0=ERROR_SUCCESS) offer后工作集=4 MiB reclaim ret=0(0=内容保留) 模式校验=完好
  轮次3:offer ret=0(0=ERROR_SUCCESS) offer后工作集=4 MiB reclaim ret=0(0=内容保留) 模式校验=完好
  轮次4:offer ret=0(0=ERROR_SUCCESS) offer后工作集=4 MiB reclaim ret=0(0=内容保留) 模式校验=完好
  轮次5:offer ret=0(0=ERROR_SUCCESS) offer后工作集=4 MiB reclaim ret=0(0=内容保留) 模式校验=完好
  轮次6:offer ret=0(0=ERROR_SUCCESS) offer后工作集=4 MiB reclaim ret=0(0=内容保留) 模式校验=完好
  轮次7:offer ret=0(0=ERROR_SUCCESS) offer后工作集=4 MiB reclaim ret=0(0=内容保留) 模式校验=完好
  轮次8:offer ret=0(0=ERROR_SUCCESS) offer后工作集=4 MiB reclaim ret=0(0=内容保留) 模式校验=完好
  8 轮统计:内容保留 8 轮 / 被改写 0 轮(丢弃需要系统内存压力,单机不硬造)
  DiscardVirtualMemory ret=0(0=ERROR_SUCCESS,立即丢弃) 之后读 8192 页中全零页=8192
  [读法] Discard 是主动自弃;Offer/Reclaim 是把取舍权交给系统,
         reclaim 成功不代表内容一定在(文档只承诺 offered 页可能被丢),
         实测无压力下 8/8 轮保留,丢弃路径需要真实内存压力才走得通
exit=0
