== 四个代表段:maps 视角与 smaps 展开(smaps 块头与 maps 行同格式) ==

### 段 1:本程序 .text(代码段,文件映射,只读+可执行)
maps 行同款块头:56050c1d0000-56050c1d6000 r-xp 00002000 08:30 1689152                    /home/charliechen/Tutorial_AwesomeModernCPP/code/volumn_codes/vol8/systems-programming/linux/memory/01-memory-layout/04-smaps/04-smaps
smaps 整块:
  56050c1d0000-56050c1d6000 r-xp 00002000 08:30 1689152                    /home/charliechen/Tutorial_AwesomeModernCPP/code/volumn_codes/vol8/systems-programming/linux/memory/01-memory-layout/04-smaps/04-smaps
  Size                                     24 kB
  KernelPageSize                  4 kB
  MMUPageSize                        4 kB
  Rss                                       24 kB
  Pss                                       24 kB
  Pss_Dirty                           24 kB
  Shared_Clean                      0 kB
  Shared_Dirty                      0 kB
  Private_Clean                    0 kB
  Private_Dirty                   24 kB
  Referenced                         24 kB
  Anonymous                            0 kB
  KSM                                        0 kB
  LazyFree                              0 kB
  AnonHugePages                    0 kB
  ShmemPmdMapped                  0 kB
  FilePmdMapped                    0 kB
  Shared_Hugetlb                  0 kB
  Private_Hugetlb                0 kB
  Swap                                      0 kB
  SwapPss                                0 kB
  Locked                                  0 kB
  THPeligible                        0
  VmFlags                  rd ex mr mw me sd 

### 段 2:[heap](堆,匿名私有,全部被写脏)
maps 行同款块头:56053d91a000-56053db4f000 rw-p 00000000 00:00 0                          [heap]
smaps 整块:
  56053d91a000-56053db4f000 rw-p 00000000 00:00 0                          [heap]
  Size                                   2260 kB
  KernelPageSize                  4 kB
  MMUPageSize                        4 kB
  Rss                                     2076 kB
  Pss                                     2076 kB
  Pss_Dirty                         2076 kB
  Shared_Clean                      0 kB
  Shared_Dirty                      0 kB
  Private_Clean                    0 kB
  Private_Dirty                 2076 kB
  Referenced                       2076 kB
  Anonymous                         2076 kB
  KSM                                        0 kB
  LazyFree                              0 kB
  AnonHugePages                    0 kB
  ShmemPmdMapped                  0 kB
  FilePmdMapped                    0 kB
  Shared_Hugetlb                  0 kB
  Private_Hugetlb                0 kB
  Swap                                      0 kB
  SwapPss                                0 kB
  Locked                                  0 kB
  THPeligible                        0
  VmFlags                  rd wr mr mw me ac sd 

### 段 3:[stack](主线程栈,匿名私有)
maps 行同款块头:7ffd773b4000-7ffd773f9000 rw-p 00000000 00:00 0                          [stack]
smaps 整块:
  7ffd773b4000-7ffd773f9000 rw-p 00000000 00:00 0                          [stack]
  Size                                    276 kB
  KernelPageSize                  4 kB
  MMUPageSize                        4 kB
  Rss                                      276 kB
  Pss                                      276 kB
  Pss_Dirty                          276 kB
  Shared_Clean                      0 kB
  Shared_Dirty                      0 kB
  Private_Clean                    0 kB
  Private_Dirty                  276 kB
  Referenced                        276 kB
  Anonymous                          276 kB
  KSM                                        0 kB
  LazyFree                              0 kB
  AnonHugePages                    0 kB
  ShmemPmdMapped                  0 kB
  FilePmdMapped                    0 kB
  Shared_Hugetlb                  0 kB
  Private_Hugetlb                0 kB
  Swap                                      0 kB
  SwapPss                                0 kB
  Locked                                  0 kB
  THPeligible                        0
  VmFlags                  rd wr mr mw me gd ac 

### 段 4:libc .text(共享库代码段,多进程共享的主体)
maps 行同款块头:72717c024000-72717c19f000 r-xp 00024000 08:30 1199257                    /usr/lib/libc.so.6
smaps 整块:
  72717c024000-72717c19f000 r-xp 00024000 08:30 1199257                    /usr/lib/libc.so.6
  Size                                   1516 kB
  KernelPageSize                  4 kB
  MMUPageSize                        4 kB
  Rss                                     1004 kB
  Pss                                        7 kB
  Pss_Dirty                            0 kB
  Shared_Clean                   1004 kB
  Shared_Dirty                      0 kB
  Private_Clean                    0 kB
  Private_Dirty                    0 kB
  Referenced                       1004 kB
  Anonymous                            0 kB
  KSM                                        0 kB
  LazyFree                              0 kB
  AnonHugePages                    0 kB
  ShmemPmdMapped                  0 kB
  FilePmdMapped                    0 kB
  Shared_Hugetlb                  0 kB
  Private_Hugetlb                0 kB
  Swap                                      0 kB
  SwapPss                                0 kB
  Locked                                  0 kB
  THPeligible                        0
  VmFlags                  rd ex mr mw me sd 

== 关键字段对照(单位 kB;? 表示该段无此字段) ==
段                Size      Rss      Pss   Sh_Cln Sh_Dirty   Pr_Cln Pr_Dirty AnonHuge  THPelig
本程序.text                 24 kB                  24 kB                  24 kB          0 kB          0 kB         0 kB        24 kB         0 kB           0
[heap]                       2260 kB                2076 kB                2076 kB          0 kB          0 kB         0 kB      2076 kB         0 kB           0
[stack]                       276 kB                 276 kB                 276 kB          0 kB          0 kB         0 kB       276 kB         0 kB           0
libc.text                    1516 kB                1004 kB                   7 kB       1004 kB          0 kB         0 kB         0 kB         0 kB           0
字段口径:Rss=实际驻留;Pss=按共享比例摊派后的"这支进程的真实 footprint";
Shared/Private 按是否与其他进程共享分账,Clean/Dirty 按是否被写过(或换出过)分账;
AnonHugePages/THPeligible 是透明大页(THP)口径。

== 外部工具对照:pmap -x 53024(此刻同一进程) ==
53024:   ./04-smaps
Address           Kbytes     RSS   Dirty Mode  Mapping
000056050c1ce000       8       8       8 r---- 04-smaps
000056050c1d0000      24      24      24 r-x-- 04-smaps
000056050c1d6000       4       4       4 r---- 04-smaps
000056050c1d7000       4       4       4 r---- 04-smaps
000056050c1d8000       4       4       4 rw--- 04-smaps
000056053d91a000    2260    2164    2164 rw---   [ anon ]
000072717c000000     144     144       0 r---- libc.so.6
000072717c024000    1516    1132       0 r-x-- libc.so.6
000072717c19f000     472     212       0 r---- libc.so.6
000072717c215000      16      16      16 r---- libc.so.6
000072717c219000       8       8       8 rw--- libc.so.6
000072717c21b000      32      20      20 rw---   [ anon ]
000072717c400000     616     616       0 r---- libstdc++.so.6.0.36
000072717c49a000    1548     764       0 r-x-- libstdc++.so.6.0.36
000072717c61d000     640     128       0 r---- libstdc++.so.6.0.36
000072717c6bd000      68      68      68 r---- libstdc++.so.6.0.36
000072717c6ce000       4       4       4 rw--- libstdc++.so.6.0.36
000072717c6cf000      16      12      12 rw---   [ anon ]
000072717c707000      20      20      20 rw---   [ anon ]
000072717c70c000      16      16       0 r---- libgcc_s.so.1
000072717c710000     140      64       0 r-x-- libgcc_s.so.1
000072717c733000      16      16       0 r---- libgcc_s.so.1
000072717c737000       4       4       4 r---- libgcc_s.so.1
000072717c738000       4       4       4 rw--- libgcc_s.so.1
000072717c739000      64      64       0 r---- libm.so.6
000072717c749000     624     320       0 r-x-- libm.so.6
000072717c7e5000     548      56       0 r---- libm.so.6
000072717c86e000       4       4       4 r---- libm.so.6
000072717c86f000       4       4       4 rw--- libm.so.6
000072717c870000       8       8       8 rw---   [ anon ]
000072717c872000     112     112       0 r---- ld.so.cache
000072717c88e000      16       0       0 r----   [ anon ]
000072717c892000       8       0       0 r----   [ anon ]
000072717c894000       8       8       0 r-x--   [ anon ]
000072717c896000       4       4       0 r---- ld-linux-x86-64.so.2
000072717c897000     180     180       0 r-x-- ld-linux-x86-64.so.2
000072717c8c4000      60      60       0 r---- ld-linux-x86-64.so.2
000072717c8d3000       8       8       8 r---- ld-linux-x86-64.so.2
000072717c8d5000       4       4       4 rw--- ld-linux-x86-64.so.2
000072717c8d6000       4       4       4 rw---   [ anon ]
00007ffd773b4000     276     276     276 rw---   [ stack ]
---------------- ------- ------- ------- 
total kB            9516    6568    2672
(pmap 退出码 0;pmap -x 的 Kbytes/RSS 列与 smaps 的 Size/Rss 同源,Dirty 列是 pmap 按 pagemap 自家口径算的,与 smaps 的 Private_Dirty 不必逐行相等)
