== 默认选项:directory_options::none ==
  depth=0 loop (symlink=n)
  depth=1 loop/inner (symlink=Y)
  depth=0 keep.txt (symlink=n)
  共 3 条,正常终止(目录链接不下降,环根本没被走进去)

== follow_directory_symlink ==
  step=1     depth=0   path=loop
  step=2     depth=1   path=loop/inner
  step=3     depth=2   path=loop/inner/loop
  step=4     depth=3   path=loop/inner/loop/inner
  step=5     depth=4   path=loop/inner/loop/inner/loop
  step=6     depth=5   path=loop/inner/loop/inner/loop/inner
  step=7     depth=6   path=loop/inner/loop/inner/loop/inner/loop
  step=8     depth=7   path=loop/inner/loop/inner/loop/inner/loop/inner
  step=100   depth=46  path=loop/inner/loop/inner/loop/inner/loop/inner/loop/inner/loop/inner/loop/inner/loop/inner/loop/inner/loop/inner/loop/inner/loop/inner/loop/inner/loop/inner/loop/inner/loop/inner/loop/inner/loop/inner/loop/inner/loop/inner/loop/inner/loop/inner/loop/inner/keep.txt
  退出时状态:steps=123,it==end ? yes, last_ec.value()=0
  结论:123 步停了,keep.txt(全树就一个真文件)被访问 41 次 —— 同一个环转了 41 圈,遍历结果已被污染
  停下的机制(strace 实证,e1_loop_strace.txt):迭代器下降用的是openat(父fd, 名字),单步只解析 1 个符号链接,永远撞不上环检测;但每个条目的类型判定要对「完整路径」newfstatat,路径里内嵌符号链接≥40 个时内核返回 ELOOP —— 这一声 ELOOP 被库吞掉(不设 ec),下降静默停止,DFS 干净收尾到 end()。三个要点:
    1) libstdc++ 自己不做环检测(标准也留白 unspecified);
    2) 救命的是内核 40 层符号链接上限,拦的还是属性查询那条路;
    3) 全程 ec 干净、不抛不挂 —— 「没报错」不等于「结果对」。

# 关键行(grep ELOOP):
newfstatat(AT_FDCWD, "/home/charliechen/l04_scratch/e1_loop/loop/inner/loop/inner/loop/inner/loop/inner/loop/inner/loop/inner/loop/inner/loop/inner/loop/inner/loop/inner/loop/inner/loop/inner/loop/inner/loop/inner/loop/inner/loop/inner/loop/inner/loop/inner/loop/inner/loop/inner/loop/inner/loop/inner/loop/inner/loop/inner/loop/inner/loop/inner/loop/inner/loop/inner/loop/inner/loop/inner/loop/inner/loop/inner/loop/inner/loop/inner/loop/inner/loop/inner/loop/inner/loop/inner/loop/inner/loop/inner/loop/inner", 0x7ffdd6cdeca0, 0) = -1 ELOOP (Too many levels of symbolic links)
# 下降用相对 openat(单组件),属性查询用完整路径 newfstatat:
openat(80, "inner", O_RDONLY|O_CLOEXEC|O_DIRECTORY) = 81
openat(81, "loop", O_RDONLY|O_CLOEXEC|O_DIRECTORY) = 82
openat(82, "inner", O_RDONLY|O_CLOEXEC|O_DIRECTORY) = 83
