[    15 ms] 六发在途读按投递序 1..6 发出(写端将按 6..1 投喂,间隔 60ms)
[    15 ms]   投递#1: ret=0 gle=997(997=在途)
[    15 ms]   投递#2: ret=0 gle=997(997=在途)
[    15 ms]   投递#3: ret=0 gle=997(997=在途)
[    15 ms]   投递#4: ret=0 gle=997(997=在途)
[    15 ms]   投递#5: ret=0 gle=997(997=在途)
[    15 ms]   投递#6: ret=0 gle=997(997=在途)
[    15 ms] 收割循环:WFMO(六事件,任一,bWaitAll=FALSE)
[    94 ms]   完成第 1 个:是投递#6(GOR ret=1 got=8 值=6)
[   156 ms]   完成第 2 个:是投递#5(GOR ret=1 got=8 值=5)
[   219 ms]   完成第 3 个:是投递#4(GOR ret=1 got=8 值=4)
[   281 ms]   完成第 4 个:是投递#3(GOR ret=1 got=8 值=3)
[   359 ms]   完成第 5 个:是投递#2(GOR ret=1 got=8 值=2)
[   406 ms]   完成第 6 个:是投递#1(GOR ret=1 got=8 值=1)
[   406 ms] 投递序: 1 2 3 4 5 6;完成序:
[   406 ms]  6 5 4 3 2 1 (与写端投喂次序一致,与投递序相反)
[   406 ms] == 第二部分:hEvent=NULL,完成信号落在句柄身上 ==
[   422 ms] 单发在途: ret=0 gle=997,直接等【句柄本身】
[   640 ms] WaitForSingleObject(管道句柄): 218 ms 处返回 0 —— hEvent=NULL 时句柄自己当信号
[   640 ms] GOR: ret=1 got=8 值=77
[   640 ms] 两发在途(都 hEvent=NULL): gle=997/997;第一包 150ms 到,第二包 450ms 到
[   797 ms] WaitForSingleObject(句柄)在 157 ms 返回 0 —— 对齐两包:亮在全部完成还是任一完成,数字说了算
[   797 ms] GOR: 第一发 ret=1 值=1;第二发 ret=0 值=0
[  1109 ms] e5 完
