$ ./e2_cross_view.exe; echo "exit=$?"
[E2] 跨进程视图,父 pid=13288,对象=Local\SysProgShm_E2_13288(256KB)
[父] 全景视图 base=000001835f6f0000  dwAllocationGranularity=65536(0x10000)
[子] pid=26560,先映一块无关 16MiB 区 base=00000200f2fd0000,再映目标对象 base=00000200f2e60000
[父] 子进程基址 = 0x200F2E60000,我的基址 = 0x1835F6F0000,两边不同——这就是只能传偏移的原因
[父] 偏移 0x1000 写 0xC0FFEE;偏移 0x1008 写父侧指针值 0x1835F6F1000
[父] MapViewOfFile(offset=4096, len=8192) -> 0000000000000000 err=1132(offset 不按 64KB 对齐的下场)
[父] MapViewOfFile(offset=0x10000, len=4096) -> 000001835f430000 err=0(64KB 对齐;长度不必对齐)
[父] 4KB 切片视图 VirtualQuery:State=MEM_COMMIT Protect=0x4 RegionSize=0x1000(长度按页取整就是 4KB;基址 000001835f430000 仍落在 64KB 边界——粒度管 offset 与基址,不管长度)
[父] MapViewOfFile(offset=0, len=512KB 超对象) -> 0000000000000000 err=5(不给截断的短视图,整个请求直接拒绝)
[探针-ptr] 读到父指针值 0x1835F6F1000,现在真的去解引用它...
[父] 探针(ptr)退出码=3221225477(0xC0000005) —— STATUS_ACCESS_VIOLATION,和预告的一样
[探针-pastend] 超长视图 base=0000000000000000,摸偏移 0x40000(对象只有 0x40000)...
[探针-pastend] 视图都没给 err=5
[父] 探针(pastend)退出码=0(0x00000000)
[子] 读偏移 0x1000 的值 = 0xC0FFEE(A 写 B 读成立)
[子] 父指针值=0x1835F6F1000  我的同槽地址=0x200F2E61000  相差 +539344961536
[子] VirtualQuery(父指针值) 在我的空间里:State=MEM_FREE —— 这地址在我这儿根本没映射,解引用必 0xC0000005(父进程另派了探针进程实撞)
[子] MapViewOfFile(offset=4096) -> 0000000000000000 err=1132(对齐规则对谁都是同一套)
[子] 经全景视图读偏移 0x10000:0xFEEDFACE
[父] 子回写校验 echo=0xFE2DAEED(期望 0xFE2DAEED) —— 偏移协议全程自洽

[父] 跨进程生命周期复盘(对照 E1 两段论)
[父] 我关掉自己的映射句柄(子进程还拿着一个)→ 按名打开: 00000000000000f0 err=0 —— 别的进程的句柄也吊着名字
[父] 通知子进程关句柄...
[子] CloseHandle(映射句柄) —— 只剩视图,对象还有我一根引用
[父] 子也关光句柄后按名打开:0000000000000000 err=2 —— 名字没了(子进程手里只剩视图)
[子] 句柄已关,视图写偏移 0x20000 = 0x1234ABCD 仍成功(对象匿名续命中)
[父] 子进程视图写回的偏移 0x20000 = 0x1234ABCD —— 名字亡了,对象还活着
[E2] 完
exit=0
